Success: Exported to '/home/u955006780/security-20260912/database-before-hardening.sql'.
Success: Added zetgifari (8) to https://codesblock.io as .
Success: Destroyed all sessions.
Success: Deleted all application passwords.
Plugin 'wp-file-manager' deactivated.
Success: Deactivated 1 of 1 plugins.
Success: Shuffled the salt keys.
Success: Added the constant 'DISALLOW_FILE_EDIT' to the 'wp-config.php' file with the raw value 'true'.
Success: Updated the constant 'WP_ENVIRONMENT_TYPE' in the 'wp-config.php' file with the value 'production'.
Enabling Maintenance mode...
Downloading update from https://downloads.wordpress.org/plugin/mailpoet.5.38.0.zip...
Unpacking the update...
Installing the latest version...
Removing the old version of the plugin...
Plugin updated successfully.
Downloading update from https://downloads.wordpress.org/plugin/microsoft-clarity.0.10.30.zip...
Unpacking the update...
Installing the latest version...
Removing the old version of the plugin...
Plugin updated successfully.
Downloading update from https://downloads.wordpress.org/plugin/google-site-kit.1.187.0.zip...
Unpacking the update...
Installing the latest version...
Removing the old version of the plugin...
Plugin updated successfully.
Disabling Maintenance mode...
name	old_version	new_version	status
mailpoet	5.37.0	5.38.0	Updated
microsoft-clarity	0.10.29	0.10.30	Updated
google-site-kit	1.186.0	1.187.0	Updated
Success: Updated 3 of 3 plugins.

PERSISTENCE INDICATORS

USER ACCESS AFTER CONTAINMENT
[{"ID":1,"user_login":"p","roles":"administrator"},{"ID":7,"user_login":"redjohn","roles":"subscriber"},{"ID":8,"user_login":"zetgifari","roles":""}]
APPLICATION PASSWORD COUNTS
[{"uuid":"c43d82d0-6b16-44b8-91e6-224e40e7f801","name":"WPWriter \u2014 pulkit.rana221@gmail.com \u00b7 acb9","created":1789057952,"last_used":1789057960},{"uuid":"7259070e-c4a5-4f67-a032-6adf7bb90c41","name":"WPVibe (4a87)","created":1789057452,"last_used":null},{"uuid":"f473fd94-1db8-4e72-a9d1-9bc997f23a16","name":"p","created":1785361937,"last_used":1785786886}]
PHP AUTO-PREPEND
auto_append_file => no value => no value
auto_prepend_file => no value => no value
