Downloading WordPress 7.1 (en_US)...
md5 hash verified: 624b95ecce64fa13342c4be63c7794b9
Success: WordPress downloaded.
Success: WordPress installation verifies against checksums.

PLUGIN CHECKSUMS
Warning: Couldn't fetch response from https://downloads.wordpress.org/plugin-checksums/codesblock-commerce/1.6.1.json (HTTP code 404).
Warning: Could not retrieve the checksums for version 1.6.1 of plugin codesblock-commerce, skipping.
Warning: Couldn't fetch response from https://downloads.wordpress.org/plugin-checksums/codesblock-core/1.3.1.json (HTTP code 404).
Warning: Could not retrieve the checksums for version 1.3.1 of plugin codesblock-core, skipping.
Warning: Couldn't fetch response from https://downloads.wordpress.org/plugin-checksums/paid-memberships-pro/3.8.5.json (HTTP code 404).
Warning: Could not retrieve the checksums for version 3.8.5 of plugin paid-memberships-pro, skipping.
Success: Verified 9 of 12 plugins (3 skipped).

PLUGIN INVENTORY
[{"name":"codesblock-commerce","status":"active","update":"none","version":"1.6.1","update_version":"","auto_update":"off"},{"name":"codesblock-core","status":"active","update":"none","version":"1.3.1","update_version":"","auto_update":"off"},{"name":"highlighting-code-block","status":"active","update":"none","version":"2.2.1","update_version":"","auto_update":"off"},{"name":"knit-pay","status":"active","update":"none","version":"9.6.1.0","update_version":"","auto_update":"off"},{"name":"litespeed-cache","status":"active","update":"none","version":"7.9.1","update_version":"","auto_update":"off"},{"name":"mailpoet","status":"active","update":"available","version":"5.37.0","update_version":"5.38.0","auto_update":"off"},{"name":"microsoft-clarity","status":"active","update":"available","version":"0.10.29","update_version":"0.10.30","auto_update":"off"},{"name":"nextend-facebook-connect","status":"active","update":"none","version":"3.1.26","update_version":"","auto_update":"off"},{"name":"paid-memberships-pro","status":"active","update":"none","version":"3.8.5","update_version":"","auto_update":"off"},{"name":"google-site-kit","status":"active","update":"available","version":"1.186.0","update_version":"1.187.0","auto_update":"off"},{"name":"wp-file-manager","status":"active","update":"none","version":"8.0.4","update_version":"","auto_update":"off"},{"name":"wordpress-seo","status":"active","update":"none","version":"28.4","update_version":"","auto_update":"off"},{"name":"hostinger-preview-domain","status":"must-use","update":false,"version":"1.4.0","update_version":"","auto_update":"off"},{"name":"hostinger-auto-updates","status":"must-use","update":false,"version":"1.0.7","update_version":"","auto_update":"off"}]
THEME INVENTORY
[{"name":"codesblock","status":"active","update":"none","version":"2.1.0","update_version":"","auto_update":"off"},{"name":"twentytwentyfive","status":"inactive","update":"none","version":"1.5","update_version":"","auto_update":"off"}]
USER INVENTORY
[{"ID":1,"user_login":"p","roles":"administrator","user_registered":"2026-07-17 15:24:14"},{"ID":7,"user_login":"redjohn","roles":"subscriber","user_registered":"2026-09-05 09:23:17"},{"ID":8,"user_login":"zetgifari","roles":"administrator","user_registered":"2026-09-09 08:54:36"}]
CRON INVENTORY
[{"hook":"clarity_collect_batch_cron","recurrence":"Non-repeating"},{"hook":"litespeed_task_lqip","recurrence":"Non-repeating"},{"hook":"action_scheduler_run_queue","recurrence":"Non-repeating"},{"hook":"wp_privacy_delete_old_export_files","recurrence":"1 hour"},{"hook":"wp_privacy_personal_data_cleanup_requests","recurrence":"1 day"},{"hook":"googlesitekit_email_reporting_monitor","recurrence":"1 day"},{"hook":"wp_site_health_scheduled_check","recurrence":"1 week"},{"hook":"recovery_mode_clean_expired_keys","recurrence":"1 day"},{"hook":"wp_scheduled_delete","recurrence":"1 day"},{"hook":"delete_expired_transients","recurrence":"1 day"},{"hook":"wp_update_user_counts","recurrence":"12 hours"},{"hook":"wp_scheduled_auto_draft_delete","recurrence":"1 day"},{"hook":"mnx_daily_cron_event","recurrence":"1 day"},{"hook":"wp_version_check","recurrence":"12 hours"},{"hook":"wp_update_plugins","recurrence":"12 hours"},{"hook":"googlesitekit_cron_update_remote_features","recurrence":"12 hours"},{"hook":"wp_update_themes","recurrence":"12 hours"},{"hook":"wpseo-reindex","recurrence":"1 day"},{"hook":"wpseo_permalink_structure_check","recurrence":"1 day"},{"hook":"wpseo_detect_default_seo_data","recurrence":"1 day"},{"hook":"googlesitekit_email_reporting_initiator","recurrence":"Non-repeating"},{"hook":"wp_delete_temp_updater_backups","recurrence":"1 week"},{"hook":"wpseo_expiring_store_cleanup","recurrence":"1 week"},{"hook":"googlesitekit_email_reporting_initiator","recurrence":"Non-repeating"},{"hook":"googlesitekit_email_reporting_initiator","recurrence":"Non-repeating"},{"hook":"googlesitekit_email_reporting_cleanup","recurrence":"Non-repeating"},{"hook":"wpseo_myyoast_key_rotation","recurrence":"Non-repeating"}]